// Jest Snapshot v1, https://jestjs.io/docs/snapshot-testing

exports[`isbot module interface interface is as expected 1`] = `
[
  [
    "list",
    "Array",
  ],
  [
    "isbotNaive",
    "Function",
  ],
  [
    "createIsbot",
    "Function",
  ],
  [
    "createIsbotFromList",
    "Function",
  ],
  [
    "isbotMatch",
    "Function",
  ],
  [
    "isbotMatches",
    "Function",
  ],
  [
    "isbotPattern",
    "Function",
  ],
  [
    "isbotPatterns",
    "Function",
  ],
  [
    "getPattern",
    "Function",
  ],
  [
    "isbot",
    "Function",
  ],
]
`;
